// Vitest Snapshot v1, https://vitest.dev/guide/snapshot.html

exports[`SourceSelector > renders correctly and matches snapshot 1`] = `
<div>
  <div
    class="flex flex-col gap-3"
  >
    <div
      class="group flex flex-col w-full transition-background motion-reduce:transition-none !duration-150 group relative justify-end data-[has-label=true]:mt-[calc(var(--heroui-font-size-small)_+_10px)]"
      data-filled="true"
      data-has-label="true"
      data-has-label-outside="true"
      data-slot="base"
    >
      <div
        aria-hidden="true"
        data-a11y-ignore="aria-hidden-focus"
        data-testid="hidden-select-container"
        style="border: 0px; clip: rect(0px); clip-path: inset(50%); height: 1px; margin: -1px; overflow: hidden; padding: 0px; position: absolute; width: 1px; white-space: nowrap;"
      >
        <label>
          Source Material
          <select
            tabindex="-1"
            title=""
          >
            <option />
            <option
              value="1"
            >
              Algebra Basics
            </option>
            <option
              value="2"
            >
              Physics Intro
            </option>
            <option
              value="custom"
            >
              Custom
            </option>
          </select>
        </label>
      </div>
      <label
        class="block absolute flex-shrink-0 subpixel-antialiased text-foreground-500 pointer-events-none group-data-[has-label-outside=true]:pointer-events-auto will-change-auto origin-top-left rtl:origin-top-right !duration-200 !ease-out transition-[transform,color,left,opacity,translate,scale] motion-reduce:transition-none group-data-[filled=true]:text-foreground pb-0 z-20 top-1/2 -translate-y-1/2 group-data-[filled=true]:start-0 start-3 text-small group-data-[filled=true]:-translate-y-[calc(100%_+_var(--heroui-font-size-small)/2_+_20px)] group-data-[has-helper=true]:-translate-y-0 group-data-[has-helper=true]:relative group-data-[has-helper=true]:pe-2 group-data-[has-helper=true]:pb-1.5 pe-2 max-w-full text-ellipsis overflow-hidden"
        data-slot="label"
        id="react-aria-_r_3_"
      >
        Source Material
      </label>
      <div
        class="w-full flex flex-col"
        data-slot="mainWrapper"
      >
        <button
          aria-expanded="false"
          aria-haspopup="listbox"
          aria-labelledby="react-aria-_r_7_ react-aria-_r_3_ "
          class="relative px-3 gap-3 w-full inline-flex flex-row items-center shadow-xs tap-highlight-transparent group-data-[focus=true]:bg-default-200 h-10 min-h-10 rounded-medium bg-default-100 data-[hover=true]:bg-default-200 outline-solid outline-transparent data-[focus-visible=true]:z-10 data-[focus-visible=true]:outline-2 data-[focus-visible=true]:outline-focus data-[focus-visible=true]:outline-offset-2"
          data-react-aria-pressable="true"
          data-slot="trigger"
          data-testid="source-material-selector"
          id="react-aria-_r_2_"
          required=""
          tabindex="0"
          type="button"
        >
          <div
            class="inline-flex h-fit w-[calc(100%_-theme(spacing.6))] min-h-4 items-center gap-1.5 box-border"
            data-slot="innerWrapper"
          >
            <svg
              aria-hidden="true"
              class="lucide lucide-book"
              fill="none"
              height="18"
              stroke="currentColor"
              stroke-linecap="round"
              stroke-linejoin="round"
              stroke-width="2"
              viewBox="0 0 24 24"
              width="18"
              xmlns="http://www.w3.org/2000/svg"
            >
              <path
                d="M4 19.5v-15A2.5 2.5 0 0 1 6.5 2H19a1 1 0 0 1 1 1v18a1 1 0 0 1-1 1H6.5a1 1 0 0 1 0-5H20"
              />
            </svg>
            <span
              class="text-foreground-500 font-normal w-full text-start text-small truncate group-data-[has-value=true]:text-default-foreground"
              data-slot="value"
              id="react-aria-_r_7_"
            >
              Select source
            </span>
          </div>
          <svg
            aria-hidden="true"
            class="absolute end-3 w-4 h-4 transition-transform duration-150 ease motion-reduce:transition-none data-[open=true]:rotate-180"
            data-slot="selectorIcon"
            fill="none"
            focusable="false"
            height="1em"
            role="presentation"
            stroke="currentColor"
            stroke-linecap="round"
            stroke-linejoin="round"
            stroke-width="1.5"
            viewBox="0 0 24 24"
            width="1em"
          >
            <path
              d="m6 9 6 6 6-6"
            />
          </svg>
        </button>
      </div>
    </div>
  </div>
</div>
`;
